Traceback (most recent call last):
  File "/usr/share/miniconda/envs/book/lib/python3.11/site-packages/jupyter_cache/executors/utils.py", line 58, in single_nb_execution
    executenb(
  File "/usr/share/miniconda/envs/book/lib/python3.11/site-packages/nbclient/client.py", line 1323, in execute
    return NotebookClient(nb=nb, resources=resources, km=km, **kwargs).execute()
           ^^^^^^^^^^^^^^^^^^^^^^^^^^^^^^^^^^^^^^^^^^^^^^^^^^^^^^^^^^^^^^^^^^^^^
  File "/usr/share/miniconda/envs/book/lib/python3.11/site-packages/jupyter_core/utils/__init__.py", line 165, in wrapped
    return loop.run_until_complete(inner)
           ^^^^^^^^^^^^^^^^^^^^^^^^^^^^^^
  File "/usr/share/miniconda/envs/book/lib/python3.11/asyncio/base_events.py", line 654, in run_until_complete
    return future.result()
           ^^^^^^^^^^^^^^^
  File "/usr/share/miniconda/envs/book/lib/python3.11/site-packages/nbclient/client.py", line 709, in async_execute
    await self.async_execute_cell(
  File "/usr/share/miniconda/envs/book/lib/python3.11/site-packages/nbclient/client.py", line 1062, in async_execute_cell
    await self._check_raise_for_error(cell, cell_index, exec_reply)
  File "/usr/share/miniconda/envs/book/lib/python3.11/site-packages/nbclient/client.py", line 918, in _check_raise_for_error
    raise CellExecutionError.from_cell_and_msg(cell, exec_reply_content)
nbclient.exceptions.CellExecutionError: An error occurred while executing the following cell:
------------------
k=2
D=ctrl.tf([1, 20],[1,0])
G=ctrl.tf([1],[1,10])
T=ctrl.feedback(k*D*G)
ceros_lc=T.zero()
ceros_lc
------------------


[31m---------------------------------------------------------------------------[39m
[31mAttributeError[39m                            Traceback (most recent call last)
[36mCell[39m[36m [39m[32mIn[2][39m[32m, line 5[39m
[32m      1[39m k=[32m2[39m
[32m      2[39m D=ctrl.tf([[32m1[39m, [32m20[39m],[[32m1[39m,[32m0[39m])
[32m      3[39m G=ctrl.tf([[32m1[39m],[[32m1[39m,[32m10[39m])
[32m      4[39m T=ctrl.feedback(k*D*G)
[32m----> [39m[32m5[39m ceros_lc=T.zero()
[32m      6[39m ceros_lc

[31mAttributeError[39m: 'TransferFunction' object has no attribute 'zero'

